
===========================================================================
report_checks -path_delay max (Setup)
============================================================================
======================= nom_ss_100C_1v60 Corner ===================================

Startpoint: _21_ (rising edge-triggered flip-flop clocked by clk)
Endpoint: out[1] (output port clocked by clk)
Path Group: clk
Path Type: max

Fanout         Cap        Slew       Delay        Time   Description
---------------------------------------------------------------------------------------------
                                  0.000000    0.000000   clock clk (rise edge)
                                  0.000000    0.000000   clock source latency
     1    0.010141    0.082100    0.053152    0.053152 ^ clk (in)
                                                         clk (net)
                      0.082101    0.000000    0.053152 ^ clkbuf_0_clk/A (sky130_fd_sc_hd__clkbuf_16)
     2    0.017343    0.064114    0.223258    0.276410 ^ clkbuf_0_clk/X (sky130_fd_sc_hd__clkbuf_16)
                                                         clknet_0_clk (net)
                      0.064114    0.000271    0.276681 ^ clkbuf_1_1__f_clk/A (sky130_fd_sc_hd__clkbuf_16)
     2    0.006174    0.049408    0.197682    0.474363 ^ clkbuf_1_1__f_clk/X (sky130_fd_sc_hd__clkbuf_16)
                                                         clknet_1_1__leaf_clk (net)
                      0.049408    0.000160    0.474523 ^ _21_/CLK (sky130_fd_sc_hd__dfrtp_1)
     4    0.012668    0.163327    0.817913    1.292436 v _21_/Q (sky130_fd_sc_hd__dfrtp_1)
                                                         net3 (net)
                      0.163327    0.000289    1.292725 v output3/A (sky130_fd_sc_hd__buf_2)
     1    0.033960    0.164751    0.388387    1.681113 v output3/X (sky130_fd_sc_hd__buf_2)
                                                         out[1] (net)
                      0.164751    0.000631    1.681744 v out[1] (out)
                                              1.681744   data arrival time

                                 10.000000   10.000000   clock clk (rise edge)
                                  0.000000   10.000000   clock network delay (propagated)
                                 -0.250000    9.750000   clock uncertainty
                                  0.000000    9.750000   clock reconvergence pessimism
                                 -2.000000    7.750000   output external delay
                                              7.750000   data required time
---------------------------------------------------------------------------------------------
                                              7.750000   data required time
                                             -1.681744   data arrival time
---------------------------------------------------------------------------------------------
                                              6.068256   slack (MET)


Startpoint: _20_ (rising edge-triggered flip-flop clocked by clk)
Endpoint: out[0] (output port clocked by clk)
Path Group: clk
Path Type: max

Fanout         Cap        Slew       Delay        Time   Description
---------------------------------------------------------------------------------------------
                                  0.000000    0.000000   clock clk (rise edge)
                                  0.000000    0.000000   clock source latency
     1    0.010141    0.082100    0.053152    0.053152 ^ clk (in)
                                                         clk (net)
                      0.082101    0.000000    0.053152 ^ clkbuf_0_clk/A (sky130_fd_sc_hd__clkbuf_16)
     2    0.017343    0.064114    0.223258    0.276410 ^ clkbuf_0_clk/X (sky130_fd_sc_hd__clkbuf_16)
                                                         clknet_0_clk (net)
                      0.064114    0.000365    0.276775 ^ clkbuf_1_0__f_clk/A (sky130_fd_sc_hd__clkbuf_16)
     2    0.004619    0.047281    0.194742    0.471517 ^ clkbuf_1_0__f_clk/X (sky130_fd_sc_hd__clkbuf_16)
                                                         clknet_1_0__leaf_clk (net)
                      0.047282    0.000106    0.471622 ^ _20_/CLK (sky130_fd_sc_hd__dfrtp_1)
     4    0.012255    0.159443    0.813165    1.284787 v _20_/Q (sky130_fd_sc_hd__dfrtp_1)
                                                         net2 (net)
                      0.159443    0.000334    1.285121 v output2/A (sky130_fd_sc_hd__buf_2)
     1    0.034384    0.166451    0.387808    1.672930 v output2/X (sky130_fd_sc_hd__buf_2)
                                                         out[0] (net)
                      0.166452    0.000722    1.673652 v out[0] (out)
                                              1.673652   data arrival time

                                 10.000000   10.000000   clock clk (rise edge)
                                  0.000000   10.000000   clock network delay (propagated)
                                 -0.250000    9.750000   clock uncertainty
                                  0.000000    9.750000   clock reconvergence pessimism
                                 -2.000000    7.750000   output external delay
                                              7.750000   data required time
---------------------------------------------------------------------------------------------
                                              7.750000   data required time
                                             -1.673652   data arrival time
---------------------------------------------------------------------------------------------
                                              6.076348   slack (MET)


Startpoint: _22_ (rising edge-triggered flip-flop clocked by clk)
Endpoint: out[2] (output port clocked by clk)
Path Group: clk
Path Type: max

Fanout         Cap        Slew       Delay        Time   Description
---------------------------------------------------------------------------------------------
                                  0.000000    0.000000   clock clk (rise edge)
                                  0.000000    0.000000   clock source latency
     1    0.010141    0.082100    0.053152    0.053152 ^ clk (in)
                                                         clk (net)
                      0.082101    0.000000    0.053152 ^ clkbuf_0_clk/A (sky130_fd_sc_hd__clkbuf_16)
     2    0.017343    0.064114    0.223258    0.276410 ^ clkbuf_0_clk/X (sky130_fd_sc_hd__clkbuf_16)
                                                         clknet_0_clk (net)
                      0.064114    0.000365    0.276775 ^ clkbuf_1_0__f_clk/A (sky130_fd_sc_hd__clkbuf_16)
     2    0.004619    0.047281    0.194742    0.471517 ^ clkbuf_1_0__f_clk/X (sky130_fd_sc_hd__clkbuf_16)
                                                         clknet_1_0__leaf_clk (net)
                      0.047282    0.000098    0.471615 ^ _22_/CLK (sky130_fd_sc_hd__dfrtp_1)
     3    0.007414    0.115236    0.768697    1.240312 v _22_/Q (sky130_fd_sc_hd__dfrtp_1)
                                                         net4 (net)
                      0.115236    0.000136    1.240447 v output4/A (sky130_fd_sc_hd__buf_2)
     1    0.034463    0.166715    0.366719    1.607166 v output4/X (sky130_fd_sc_hd__buf_2)
                                                         out[2] (net)
                      0.166716    0.000762    1.607929 v out[2] (out)
                                              1.607929   data arrival time

                                 10.000000   10.000000   clock clk (rise edge)
                                  0.000000   10.000000   clock network delay (propagated)
                                 -0.250000    9.750000   clock uncertainty
                                  0.000000    9.750000   clock reconvergence pessimism
                                 -2.000000    7.750000   output external delay
                                              7.750000   data required time
---------------------------------------------------------------------------------------------
                                              7.750000   data required time
                                             -1.607929   data arrival time
---------------------------------------------------------------------------------------------
                                              6.142071   slack (MET)


Startpoint: _23_ (rising edge-triggered flip-flop clocked by clk)
Endpoint: out[3] (output port clocked by clk)
Path Group: clk
Path Type: max

Fanout         Cap        Slew       Delay        Time   Description
---------------------------------------------------------------------------------------------
                                  0.000000    0.000000   clock clk (rise edge)
                                  0.000000    0.000000   clock source latency
     1    0.010141    0.082100    0.053152    0.053152 ^ clk (in)
                                                         clk (net)
                      0.082101    0.000000    0.053152 ^ clkbuf_0_clk/A (sky130_fd_sc_hd__clkbuf_16)
     2    0.017343    0.064114    0.223258    0.276410 ^ clkbuf_0_clk/X (sky130_fd_sc_hd__clkbuf_16)
                                                         clknet_0_clk (net)
                      0.064114    0.000271    0.276681 ^ clkbuf_1_1__f_clk/A (sky130_fd_sc_hd__clkbuf_16)
     2    0.006174    0.049408    0.197682    0.474363 ^ clkbuf_1_1__f_clk/X (sky130_fd_sc_hd__clkbuf_16)
                                                         clknet_1_1__leaf_clk (net)
                      0.049408    0.000170    0.474533 ^ _23_/CLK (sky130_fd_sc_hd__dfrtp_1)
     2    0.004385    0.090334    0.741186    1.215719 v _23_/Q (sky130_fd_sc_hd__dfrtp_1)
                                                         net5 (net)
                      0.090334    0.000094    1.215813 v output5/A (sky130_fd_sc_hd__buf_2)
     1    0.034333    0.166158    0.354313    1.570126 v output5/X (sky130_fd_sc_hd__buf_2)
                                                         out[3] (net)
                      0.166159    0.000733    1.570859 v out[3] (out)
                                              1.570859   data arrival time

                                 10.000000   10.000000   clock clk (rise edge)
                                  0.000000   10.000000   clock network delay (propagated)
                                 -0.250000    9.750000   clock uncertainty
                                  0.000000    9.750000   clock reconvergence pessimism
                                 -2.000000    7.750000   output external delay
                                              7.750000   data required time
---------------------------------------------------------------------------------------------
                                              7.750000   data required time
                                             -1.570859   data arrival time
---------------------------------------------------------------------------------------------
                                              6.179141   slack (MET)


Startpoint: _20_ (rising edge-triggered flip-flop clocked by clk)
Endpoint: _21_ (rising edge-triggered flip-flop clocked by clk)
Path Group: clk
Path Type: max

Fanout         Cap        Slew       Delay        Time   Description
---------------------------------------------------------------------------------------------
                                  0.000000    0.000000   clock clk (rise edge)
                                  0.000000    0.000000   clock source latency
     1    0.010141    0.082100    0.053152    0.053152 ^ clk (in)
                                                         clk (net)
                      0.082101    0.000000    0.053152 ^ clkbuf_0_clk/A (sky130_fd_sc_hd__clkbuf_16)
     2    0.017343    0.064114    0.223258    0.276410 ^ clkbuf_0_clk/X (sky130_fd_sc_hd__clkbuf_16)
                                                         clknet_0_clk (net)
                      0.064114    0.000365    0.276775 ^ clkbuf_1_0__f_clk/A (sky130_fd_sc_hd__clkbuf_16)
     2    0.004619    0.047281    0.194742    0.471517 ^ clkbuf_1_0__f_clk/X (sky130_fd_sc_hd__clkbuf_16)
                                                         clknet_1_0__leaf_clk (net)
                      0.047282    0.000106    0.471622 ^ _20_/CLK (sky130_fd_sc_hd__dfrtp_1)
     4    0.012255    0.159443    0.813165    1.284787 v _20_/Q (sky130_fd_sc_hd__dfrtp_1)
                                                         net2 (net)
                      0.159443    0.000289    1.285076 v hold2/A (sky130_fd_sc_hd__dlygate4sd3_1)
     2    0.009055    0.166117    1.246467    2.531543 v hold2/X (sky130_fd_sc_hd__dlygate4sd3_1)
                                                         net7 (net)
                      0.166117    0.000145    2.531688 v _12_/A (sky130_fd_sc_hd__xor2_1)
     1    0.003479    0.103834    0.338616    2.870305 v _12_/X (sky130_fd_sc_hd__xor2_1)
                                                         _01_ (net)
                      0.103834    0.000102    2.870407 v _21_/D (sky130_fd_sc_hd__dfrtp_1)
                                              2.870407   data arrival time

                                 10.000000   10.000000   clock clk (rise edge)
                                  0.000000   10.000000   clock source latency
     1    0.010141    0.082100    0.053152   10.053152 ^ clk (in)
                                                         clk (net)
                      0.082101    0.000000   10.053152 ^ clkbuf_0_clk/A (sky130_fd_sc_hd__clkbuf_16)
     2    0.017343    0.064114    0.223258   10.276410 ^ clkbuf_0_clk/X (sky130_fd_sc_hd__clkbuf_16)
                                                         clknet_0_clk (net)
                      0.064114    0.000271   10.276681 ^ clkbuf_1_1__f_clk/A (sky130_fd_sc_hd__clkbuf_16)
     2    0.006174    0.049408    0.197682   10.474363 ^ clkbuf_1_1__f_clk/X (sky130_fd_sc_hd__clkbuf_16)
                                                         clknet_1_1__leaf_clk (net)
                      0.049408    0.000161   10.474524 ^ _21_/CLK (sky130_fd_sc_hd__dfrtp_1)
                                 -0.250000   10.224524   clock uncertainty
                                  0.000000   10.224524   clock reconvergence pessimism
                                 -0.296168    9.928355   library setup time
                                              9.928355   data required time
---------------------------------------------------------------------------------------------
                                              9.928355   data required time
                                             -2.870407   data arrival time
---------------------------------------------------------------------------------------------
                                              7.057949   slack (MET)


Startpoint: _22_ (rising edge-triggered flip-flop clocked by clk)
Endpoint: _22_ (rising edge-triggered flip-flop clocked by clk)
Path Group: clk
Path Type: max

Fanout         Cap        Slew       Delay        Time   Description
---------------------------------------------------------------------------------------------
                                  0.000000    0.000000   clock clk (rise edge)
                                  0.000000    0.000000   clock source latency
     1    0.010141    0.082100    0.053152    0.053152 ^ clk (in)
                                                         clk (net)
                      0.082101    0.000000    0.053152 ^ clkbuf_0_clk/A (sky130_fd_sc_hd__clkbuf_16)
     2    0.017343    0.064114    0.223258    0.276410 ^ clkbuf_0_clk/X (sky130_fd_sc_hd__clkbuf_16)
                                                         clknet_0_clk (net)
                      0.064114    0.000365    0.276775 ^ clkbuf_1_0__f_clk/A (sky130_fd_sc_hd__clkbuf_16)
     2    0.004619    0.047281    0.194742    0.471517 ^ clkbuf_1_0__f_clk/X (sky130_fd_sc_hd__clkbuf_16)
                                                         clknet_1_0__leaf_clk (net)
                      0.047282    0.000098    0.471615 ^ _22_/CLK (sky130_fd_sc_hd__dfrtp_1)
     3    0.007414    0.115236    0.768697    1.240312 v _22_/Q (sky130_fd_sc_hd__dfrtp_1)
                                                         net4 (net)
                      0.115236    0.000172    1.240484 v hold4/A (sky130_fd_sc_hd__dlygate4sd3_1)
     1    0.002337    0.102148    1.137020    2.377504 v hold4/X (sky130_fd_sc_hd__dlygate4sd3_1)
                                                         net9 (net)
                      0.102148    0.000044    2.377549 v _13_/B1 (sky130_fd_sc_hd__a21oi_1)
     1    0.004650    0.221412    0.239205    2.616754 ^ _13_/Y (sky130_fd_sc_hd__a21oi_1)
                                                         _08_ (net)
                      0.221412    0.000160    2.616914 ^ _15_/A (sky130_fd_sc_hd__nor2_1)
     1    0.002802    0.066742    0.143540    2.760454 v _15_/Y (sky130_fd_sc_hd__nor2_1)
                                                         _02_ (net)
                      0.066742    0.000062    2.760517 v _22_/D (sky130_fd_sc_hd__dfrtp_1)
                                              2.760517   data arrival time

                                 10.000000   10.000000   clock clk (rise edge)
                                  0.000000   10.000000   clock source latency
     1    0.010141    0.082100    0.053152   10.053152 ^ clk (in)
                                                         clk (net)
                      0.082101    0.000000   10.053152 ^ clkbuf_0_clk/A (sky130_fd_sc_hd__clkbuf_16)
     2    0.017343    0.064114    0.223258   10.276410 ^ clkbuf_0_clk/X (sky130_fd_sc_hd__clkbuf_16)
                                                         clknet_0_clk (net)
                      0.064114    0.000364   10.276774 ^ clkbuf_1_0__f_clk/A (sky130_fd_sc_hd__clkbuf_16)
     2    0.004619    0.047281    0.194743   10.471518 ^ clkbuf_1_0__f_clk/X (sky130_fd_sc_hd__clkbuf_16)
                                                         clknet_1_0__leaf_clk (net)
                      0.047282    0.000098   10.471615 ^ _22_/CLK (sky130_fd_sc_hd__dfrtp_1)
                                 -0.250000   10.221615   clock uncertainty
                                  0.000000   10.221615   clock reconvergence pessimism
                                 -0.281259    9.940355   library setup time
                                              9.940355   data required time
---------------------------------------------------------------------------------------------
                                              9.940355   data required time
                                             -2.760517   data arrival time
---------------------------------------------------------------------------------------------
                                              7.179839   slack (MET)


Startpoint: _23_ (rising edge-triggered flip-flop clocked by clk)
Endpoint: _23_ (rising edge-triggered flip-flop clocked by clk)
Path Group: clk
Path Type: max

Fanout         Cap        Slew       Delay        Time   Description
---------------------------------------------------------------------------------------------
                                  0.000000    0.000000   clock clk (rise edge)
                                  0.000000    0.000000   clock source latency
     1    0.010141    0.082100    0.053152    0.053152 ^ clk (in)
                                                         clk (net)
                      0.082101    0.000000    0.053152 ^ clkbuf_0_clk/A (sky130_fd_sc_hd__clkbuf_16)
     2    0.017343    0.064114    0.223258    0.276410 ^ clkbuf_0_clk/X (sky130_fd_sc_hd__clkbuf_16)
                                                         clknet_0_clk (net)
                      0.064114    0.000271    0.276681 ^ clkbuf_1_1__f_clk/A (sky130_fd_sc_hd__clkbuf_16)
     2    0.006174    0.049408    0.197682    0.474363 ^ clkbuf_1_1__f_clk/X (sky130_fd_sc_hd__clkbuf_16)
                                                         clknet_1_1__leaf_clk (net)
                      0.049408    0.000170    0.474533 ^ _23_/CLK (sky130_fd_sc_hd__dfrtp_1)
     2    0.004385    0.090334    0.741186    1.215719 v _23_/Q (sky130_fd_sc_hd__dfrtp_1)
                                                         net5 (net)
                      0.090334    0.000062    1.215780 v hold1/A (sky130_fd_sc_hd__dlygate4sd3_1)
     1    0.005526    0.133686    1.172632    2.388412 v hold1/X (sky130_fd_sc_hd__dlygate4sd3_1)
                                                         net6 (net)
                      0.133686    0.000184    2.388596 v _16_/A (sky130_fd_sc_hd__xor2_1)
     1    0.002286    0.091122    0.312832    2.701427 v _16_/X (sky130_fd_sc_hd__xor2_1)
                                                         _03_ (net)
                      0.091122    0.000064    2.701492 v _23_/D (sky130_fd_sc_hd__dfrtp_1)
                                              2.701492   data arrival time

                                 10.000000   10.000000   clock clk (rise edge)
                                  0.000000   10.000000   clock source latency
     1    0.010141    0.082100    0.053152   10.053152 ^ clk (in)
                                                         clk (net)
                      0.082101    0.000000   10.053152 ^ clkbuf_0_clk/A (sky130_fd_sc_hd__clkbuf_16)
     2    0.017343    0.064114    0.223258   10.276410 ^ clkbuf_0_clk/X (sky130_fd_sc_hd__clkbuf_16)
                                                         clknet_0_clk (net)
                      0.064114    0.000271   10.276681 ^ clkbuf_1_1__f_clk/A (sky130_fd_sc_hd__clkbuf_16)
     2    0.006174    0.049408    0.197682   10.474363 ^ clkbuf_1_1__f_clk/X (sky130_fd_sc_hd__clkbuf_16)
                                                         clknet_1_1__leaf_clk (net)
                      0.049408    0.000171   10.474533 ^ _23_/CLK (sky130_fd_sc_hd__dfrtp_1)
                                 -0.250000   10.224533   clock uncertainty
                                  0.000000   10.224533   clock reconvergence pessimism
                                 -0.290864    9.933669   library setup time
                                              9.933669   data required time
---------------------------------------------------------------------------------------------
                                              9.933669   data required time
                                             -2.701492   data arrival time
---------------------------------------------------------------------------------------------
                                              7.232178   slack (MET)


Startpoint: _20_ (rising edge-triggered flip-flop clocked by clk)
Endpoint: _20_ (rising edge-triggered flip-flop clocked by clk)
Path Group: clk
Path Type: max

Fanout         Cap        Slew       Delay        Time   Description
---------------------------------------------------------------------------------------------
                                  0.000000    0.000000   clock clk (rise edge)
                                  0.000000    0.000000   clock source latency
     1    0.010141    0.082100    0.053152    0.053152 ^ clk (in)
                                                         clk (net)
                      0.082101    0.000000    0.053152 ^ clkbuf_0_clk/A (sky130_fd_sc_hd__clkbuf_16)
     2    0.017343    0.064114    0.223258    0.276410 ^ clkbuf_0_clk/X (sky130_fd_sc_hd__clkbuf_16)
                                                         clknet_0_clk (net)
                      0.064114    0.000365    0.276775 ^ clkbuf_1_0__f_clk/A (sky130_fd_sc_hd__clkbuf_16)
     2    0.004619    0.047281    0.194742    0.471517 ^ clkbuf_1_0__f_clk/X (sky130_fd_sc_hd__clkbuf_16)
                                                         clknet_1_0__leaf_clk (net)
                      0.047282    0.000106    0.471622 ^ _20_/CLK (sky130_fd_sc_hd__dfrtp_1)
     4    0.012255    0.159443    0.813165    1.284787 v _20_/Q (sky130_fd_sc_hd__dfrtp_1)
                                                         net2 (net)
                      0.159443    0.000289    1.285076 v hold2/A (sky130_fd_sc_hd__dlygate4sd3_1)
     2    0.009055    0.166117    1.246467    2.531543 v hold2/X (sky130_fd_sc_hd__dlygate4sd3_1)
                                                         net7 (net)
                      0.166117    0.000129    2.531672 v _10_/A (sky130_fd_sc_hd__inv_2)
     1    0.002722    0.053575    0.099578    2.631250 ^ _10_/Y (sky130_fd_sc_hd__inv_2)
                                                         _00_ (net)
                      0.053575    0.000081    2.631331 ^ _20_/D (sky130_fd_sc_hd__dfrtp_1)
                                              2.631331   data arrival time

                                 10.000000   10.000000   clock clk (rise edge)
                                  0.000000   10.000000   clock source latency
     1    0.010141    0.082100    0.053152   10.053152 ^ clk (in)
                                                         clk (net)
                      0.082101    0.000000   10.053152 ^ clkbuf_0_clk/A (sky130_fd_sc_hd__clkbuf_16)
     2    0.017343    0.064114    0.223258   10.276410 ^ clkbuf_0_clk/X (sky130_fd_sc_hd__clkbuf_16)
                                                         clknet_0_clk (net)
                      0.064114    0.000364   10.276774 ^ clkbuf_1_0__f_clk/A (sky130_fd_sc_hd__clkbuf_16)
     2    0.004619    0.047281    0.194743   10.471518 ^ clkbuf_1_0__f_clk/X (sky130_fd_sc_hd__clkbuf_16)
                                                         clknet_1_0__leaf_clk (net)
                      0.047282    0.000106   10.471623 ^ _20_/CLK (sky130_fd_sc_hd__dfrtp_1)
                                 -0.250000   10.221623   clock uncertainty
                                  0.000000   10.221623   clock reconvergence pessimism
                                 -0.132849   10.088774   library setup time
                                             10.088774   data required time
---------------------------------------------------------------------------------------------
                                             10.088774   data required time
                                             -2.631331   data arrival time
---------------------------------------------------------------------------------------------
                                              7.457443   slack (MET)


Startpoint: rst (input port clocked by clk)
Endpoint: _20_ (recovery check against rising-edge clock clk)
Path Group: asynchronous
Path Type: max

Fanout         Cap        Slew       Delay        Time   Description
---------------------------------------------------------------------------------------------
                                  0.000000    0.000000   clock clk (rise edge)
                                  0.000000    0.000000   clock network delay (propagated)
                                  2.000000    2.000000 v input external delay
     1    0.003240    0.020154    0.010629    2.010629 v rst (in)
                                                         rst (net)
                      0.020154    0.000000    2.010629 v input1/A (sky130_fd_sc_hd__clkbuf_2)
     4    0.020585    0.151464    0.247377    2.258005 v input1/X (sky130_fd_sc_hd__clkbuf_2)
                                                         net1 (net)
                      0.151464    0.000363    2.258368 v _11_/A (sky130_fd_sc_hd__inv_2)
     1    0.004471    0.060428    0.107497    2.365866 ^ _11_/Y (sky130_fd_sc_hd__inv_2)
                                                         _04_ (net)
                      0.060428    0.000103    2.365969 ^ _20_/RESET_B (sky130_fd_sc_hd__dfrtp_1)
                                              2.365969   data arrival time

                                 10.000000   10.000000   clock clk (rise edge)
                                  0.000000   10.000000   clock source latency
     1    0.010141    0.082100    0.053152   10.053152 ^ clk (in)
                                                         clk (net)
                      0.082101    0.000000   10.053152 ^ clkbuf_0_clk/A (sky130_fd_sc_hd__clkbuf_16)
     2    0.017343    0.064114    0.223258   10.276410 ^ clkbuf_0_clk/X (sky130_fd_sc_hd__clkbuf_16)
                                                         clknet_0_clk (net)
                      0.064114    0.000364   10.276774 ^ clkbuf_1_0__f_clk/A (sky130_fd_sc_hd__clkbuf_16)
     2    0.004619    0.047281    0.194743   10.471518 ^ clkbuf_1_0__f_clk/X (sky130_fd_sc_hd__clkbuf_16)
                                                         clknet_1_0__leaf_clk (net)
                      0.047282    0.000106   10.471623 ^ _20_/CLK (sky130_fd_sc_hd__dfrtp_1)
                                 -0.250000   10.221623   clock uncertainty
                                  0.000000   10.221623   clock reconvergence pessimism
                                  0.458568   10.680191   library recovery time
                                             10.680191   data required time
---------------------------------------------------------------------------------------------
                                             10.680191   data required time
                                             -2.365969   data arrival time
---------------------------------------------------------------------------------------------
                                              8.314222   slack (MET)


Startpoint: rst (input port clocked by clk)
Endpoint: _22_ (recovery check against rising-edge clock clk)
Path Group: asynchronous
Path Type: max

Fanout         Cap        Slew       Delay        Time   Description
---------------------------------------------------------------------------------------------
                                  0.000000    0.000000   clock clk (rise edge)
                                  0.000000    0.000000   clock network delay (propagated)
                                  2.000000    2.000000 v input external delay
     1    0.003240    0.020154    0.010629    2.010629 v rst (in)
                                                         rst (net)
                      0.020154    0.000000    2.010629 v input1/A (sky130_fd_sc_hd__clkbuf_2)
     4    0.020585    0.151464    0.247377    2.258005 v input1/X (sky130_fd_sc_hd__clkbuf_2)
                                                         net1 (net)
                      0.151465    0.000621    2.258626 v _18_/A (sky130_fd_sc_hd__inv_2)
     1    0.003753    0.056196    0.102221    2.360847 ^ _18_/Y (sky130_fd_sc_hd__inv_2)
                                                         _06_ (net)
                      0.056196    0.000076    2.360924 ^ _22_/RESET_B (sky130_fd_sc_hd__dfrtp_1)
                                              2.360924   data arrival time

                                 10.000000   10.000000   clock clk (rise edge)
                                  0.000000   10.000000   clock source latency
     1    0.010141    0.082100    0.053152   10.053152 ^ clk (in)
                                                         clk (net)
                      0.082101    0.000000   10.053152 ^ clkbuf_0_clk/A (sky130_fd_sc_hd__clkbuf_16)
     2    0.017343    0.064114    0.223258   10.276410 ^ clkbuf_0_clk/X (sky130_fd_sc_hd__clkbuf_16)
                                                         clknet_0_clk (net)
                      0.064114    0.000364   10.276774 ^ clkbuf_1_0__f_clk/A (sky130_fd_sc_hd__clkbuf_16)
     2    0.004619    0.047281    0.194743   10.471518 ^ clkbuf_1_0__f_clk/X (sky130_fd_sc_hd__clkbuf_16)
                                                         clknet_1_0__leaf_clk (net)
                      0.047282    0.000098   10.471615 ^ _22_/CLK (sky130_fd_sc_hd__dfrtp_1)
                                 -0.250000   10.221615   clock uncertainty
                                  0.000000   10.221615   clock reconvergence pessimism
                                  0.460138   10.681753   library recovery time
                                             10.681753   data required time
---------------------------------------------------------------------------------------------
                                             10.681753   data required time
                                             -2.360924   data arrival time
---------------------------------------------------------------------------------------------
                                              8.320829   slack (MET)


Startpoint: rst (input port clocked by clk)
Endpoint: _21_ (recovery check against rising-edge clock clk)
Path Group: asynchronous
Path Type: max

Fanout         Cap        Slew       Delay        Time   Description
---------------------------------------------------------------------------------------------
                                  0.000000    0.000000   clock clk (rise edge)
                                  0.000000    0.000000   clock network delay (propagated)
                                  2.000000    2.000000 v input external delay
     1    0.003240    0.020154    0.010629    2.010629 v rst (in)
                                                         rst (net)
                      0.020154    0.000000    2.010629 v input1/A (sky130_fd_sc_hd__clkbuf_2)
     4    0.020585    0.151464    0.247377    2.258005 v input1/X (sky130_fd_sc_hd__clkbuf_2)
                                                         net1 (net)
                      0.151465    0.000668    2.258673 v _17_/A (sky130_fd_sc_hd__inv_2)
     1    0.003875    0.056889    0.103117    2.361790 ^ _17_/Y (sky130_fd_sc_hd__inv_2)
                                                         _05_ (net)
                      0.056889    0.000082    2.361872 ^ _21_/RESET_B (sky130_fd_sc_hd__dfrtp_1)
                                              2.361872   data arrival time

                                 10.000000   10.000000   clock clk (rise edge)
                                  0.000000   10.000000   clock source latency
     1    0.010141    0.082100    0.053152   10.053152 ^ clk (in)
                                                         clk (net)
                      0.082101    0.000000   10.053152 ^ clkbuf_0_clk/A (sky130_fd_sc_hd__clkbuf_16)
     2    0.017343    0.064114    0.223258   10.276410 ^ clkbuf_0_clk/X (sky130_fd_sc_hd__clkbuf_16)
                                                         clknet_0_clk (net)
                      0.064114    0.000271   10.276681 ^ clkbuf_1_1__f_clk/A (sky130_fd_sc_hd__clkbuf_16)
     2    0.006174    0.049408    0.197682   10.474363 ^ clkbuf_1_1__f_clk/X (sky130_fd_sc_hd__clkbuf_16)
                                                         clknet_1_1__leaf_clk (net)
                      0.049408    0.000161   10.474524 ^ _21_/CLK (sky130_fd_sc_hd__dfrtp_1)
                                 -0.250000   10.224524   clock uncertainty
                                  0.000000   10.224524   clock reconvergence pessimism
                                  0.460589   10.685113   library recovery time
                                             10.685113   data required time
---------------------------------------------------------------------------------------------
                                             10.685113   data required time
                                             -2.361872   data arrival time
---------------------------------------------------------------------------------------------
                                              8.323240   slack (MET)


Startpoint: rst (input port clocked by clk)
Endpoint: _23_ (recovery check against rising-edge clock clk)
Path Group: asynchronous
Path Type: max

Fanout         Cap        Slew       Delay        Time   Description
---------------------------------------------------------------------------------------------
                                  0.000000    0.000000   clock clk (rise edge)
                                  0.000000    0.000000   clock network delay (propagated)
                                  2.000000    2.000000 v input external delay
     1    0.003240    0.020154    0.010629    2.010629 v rst (in)
                                                         rst (net)
                      0.020154    0.000000    2.010629 v input1/A (sky130_fd_sc_hd__clkbuf_2)
     4    0.020585    0.151464    0.247377    2.258005 v input1/X (sky130_fd_sc_hd__clkbuf_2)
                                                         net1 (net)
                      0.151465    0.000675    2.258681 v _19_/A (sky130_fd_sc_hd__inv_2)
     1    0.003629    0.055501    0.101311    2.359991 ^ _19_/Y (sky130_fd_sc_hd__inv_2)
                                                         _07_ (net)
                      0.055501    0.000071    2.360062 ^ _23_/RESET_B (sky130_fd_sc_hd__dfrtp_1)
                                              2.360062   data arrival time

                                 10.000000   10.000000   clock clk (rise edge)
                                  0.000000   10.000000   clock source latency
     1    0.010141    0.082100    0.053152   10.053152 ^ clk (in)
                                                         clk (net)
                      0.082101    0.000000   10.053152 ^ clkbuf_0_clk/A (sky130_fd_sc_hd__clkbuf_16)
     2    0.017343    0.064114    0.223258   10.276410 ^ clkbuf_0_clk/X (sky130_fd_sc_hd__clkbuf_16)
                                                         clknet_0_clk (net)
                      0.064114    0.000271   10.276681 ^ clkbuf_1_1__f_clk/A (sky130_fd_sc_hd__clkbuf_16)
     2    0.006174    0.049408    0.197682   10.474363 ^ clkbuf_1_1__f_clk/X (sky130_fd_sc_hd__clkbuf_16)
                                                         clknet_1_1__leaf_clk (net)
                      0.049408    0.000171   10.474533 ^ _23_/CLK (sky130_fd_sc_hd__dfrtp_1)
                                 -0.250000   10.224533   clock uncertainty
                                  0.000000   10.224533   clock reconvergence pessimism
                                  0.461103   10.685637   library recovery time
                                             10.685637   data required time
---------------------------------------------------------------------------------------------
                                             10.685637   data required time
                                             -2.360062   data arrival time
---------------------------------------------------------------------------------------------
                                              8.325574   slack (MET)



