                                                                       Cells by Function                                                                        
┏━━━━━━━━━━━━━━━━━━━━━━━━━━━━━━━━━━━━━━━━━━━━━━━━━━━━━━━━━━━━━━━━━━━━━━━━━━━━━━━━━━━━━━━━━━━━━━━━━━━━━━━━━━━━━━━━━━━━━━━━━━━━━━━━┳━━━━━━━━━━━━━━━━━━━━━━━━━━━━━┓
┃ Cell Function                                                                                                                  ┃ Count                       ┃
┡━━━━━━━━━━━━━━━━━━━━━━━━━━━━━━━━━━━━━━━━━━━━━━━━━━━━━━━━━━━━━━━━━━━━━━━━━━━━━━━━━━━━━━━━━━━━━━━━━━━━━━━━━━━━━━━━━━━━━━━━━━━━━━━━╇━━━━━━━━━━━━━━━━━━━━━━━━━━━━━┩
│ sky130_ef_sc_hd__decap                                                                                                         │ 118                         │
│ sky130_fd_sc_hd__and2                                                                                                          │ 1                           │
│ sky130_fd_sc_hd__buf                                                                                                           │ 1                           │
│ sky130_fd_sc_hd__clkbuf                                                                                                        │ 2                           │
│ sky130_fd_sc_hd__conb                                                                                                          │ 1                           │
│ sky130_fd_sc_hd__decap                                                                                                         │ 62                          │
│ sky130_fd_sc_hd__diode                                                                                                         │ 2                           │
│ sky130_fd_sc_hd__fill                                                                                                          │ 43                          │
│ sky130_fd_sc_hd__tapvpwrvgnd                                                                                                   │ 34                          │
└────────────────────────────────────────────────────────────────────────────────────────────────────────────────────────────────┴─────────────────────────────┘
