
===========================================================================
report_checks -unconstrained
===========================================================================
======================= max_ss_100C_1v60 Corner ===================================

Startpoint: instruction[6] (input port clocked by clk)
Endpoint: _281_ (rising edge-triggered flip-flop clocked by clk)
Path Group: clk
Path Type: max

Fanout         Cap        Slew       Delay        Time   Description
---------------------------------------------------------------------------------------------
                                  0.000000    0.000000   clock clk (rise edge)
                                  0.000000    0.000000   clock network delay (propagated)
                                  3.000000    3.000000 ^ input external delay
     2    0.003835    0.039197    0.021296    3.021296 ^ instruction[6] (in)
                                                         instruction[6] (net)
                      0.039197    0.000000    3.021296 ^ input7/A (sky130_fd_sc_hd__clkbuf_1)
     2    0.010810    0.215771    0.240587    3.261883 ^ input7/X (sky130_fd_sc_hd__clkbuf_1)
                                                         net7 (net)
                      0.215775    0.000755    3.262638 ^ fanout60/A (sky130_fd_sc_hd__buf_1)
     4    0.013603    0.266382    0.351633    3.614271 ^ fanout60/X (sky130_fd_sc_hd__buf_1)
                                                         net60 (net)
                      0.266383    0.001096    3.615367 ^ fanout59/A (sky130_fd_sc_hd__buf_1)
     4    0.011349    0.225647    0.337824    3.953192 ^ fanout59/X (sky130_fd_sc_hd__buf_1)
                                                         net59 (net)
                      0.225647    0.000627    3.953818 ^ _137_/B (sky130_fd_sc_hd__nand3b_1)
     2    0.006687    0.208960    0.279104    4.232923 v _137_/Y (sky130_fd_sc_hd__nand3b_1)
                                                         _041_ (net)
                      0.208960    0.000417    4.233339 v fanout53/A (sky130_fd_sc_hd__buf_1)
     4    0.013832    0.165008    0.318681    4.552020 v fanout53/X (sky130_fd_sc_hd__buf_1)
                                                         net53 (net)
                      0.165009    0.000835    4.552855 v _138_/C (sky130_fd_sc_hd__and3_1)
     2    0.005880    0.095985    0.435713    4.988568 v _138_/X (sky130_fd_sc_hd__and3_1)
                                                         _042_ (net)
                      0.095985    0.000351    4.988919 v _141_/B (sky130_fd_sc_hd__or3_1)
     2    0.004910    0.160038    0.837665    5.826584 v _141_/X (sky130_fd_sc_hd__or3_1)
                                                         _045_ (net)
                      0.160038    0.000194    5.826778 v _148_/A1 (sky130_fd_sc_hd__a21o_1)
     3    0.010814    0.123459    0.387304    6.214082 v _148_/X (sky130_fd_sc_hd__a21o_1)
                                                         _051_ (net)
                      0.123463    0.000862    6.214944 v _173_/A1 (sky130_fd_sc_hd__a31o_1)
     3    0.012001    0.142927    0.419655    6.634599 v _173_/X (sky130_fd_sc_hd__a31o_1)
                                                         _074_ (net)
                      0.142930    0.000802    6.635401 v _174_/B (sky130_fd_sc_hd__xor2_1)
     1    0.002238    0.114001    0.284895    6.920296 v _174_/X (sky130_fd_sc_hd__xor2_1)
                                                         _075_ (net)
                      0.114001    0.000103    6.920398 v _175_/A1 (sky130_fd_sc_hd__mux2_1)
     1    0.002051    0.103010    0.653517    7.573915 v _175_/X (sky130_fd_sc_hd__mux2_1)
                                                         _076_ (net)
                      0.103010    0.000146    7.574061 v _176_/A1 (sky130_fd_sc_hd__mux2_1)
     1    0.002389    0.106163    0.655051    8.229112 v _176_/X (sky130_fd_sc_hd__mux2_1)
                                                         _077_ (net)
                      0.106163    0.000139    8.229251 v _177_/B (sky130_fd_sc_hd__and2_1)
     1    0.002142    0.062974    0.323232    8.552484 v _177_/X (sky130_fd_sc_hd__and2_1)
                                                         _021_ (net)
                      0.062974    0.000154    8.552637 v _281_/D (sky130_fd_sc_hd__dfxtp_1)
                                              8.552637   data arrival time

                                 15.000000   15.000000   clock clk (rise edge)
                                  0.000000   15.000000   clock source latency
     2    0.017405    0.132032    0.089486   15.089485 ^ clk (in)
                                                         clk (net)
                      0.132039    0.000000   15.089485 ^ clkbuf_0_clk/A (sky130_fd_sc_hd__clkbuf_16)
     2    0.018760    0.065888    0.248109   15.337595 ^ clkbuf_0_clk/X (sky130_fd_sc_hd__clkbuf_16)
                                                         clknet_0_clk (net)
                      0.065888    0.000739   15.338334 ^ clkbuf_1_0__f_clk/A (sky130_fd_sc_hd__clkbuf_16)
    13    0.041877    0.096251    0.249770   15.588103 ^ clkbuf_1_0__f_clk/X (sky130_fd_sc_hd__clkbuf_16)
                                                         clknet_1_0__leaf_clk (net)
                      0.096357    0.001863   15.589967 ^ _281_/CLK (sky130_fd_sc_hd__dfxtp_1)
                                 -0.250000   15.339968   clock uncertainty
                                  0.000000   15.339968   clock reconvergence pessimism
                                 -0.258961   15.081007   library setup time
                                             15.081007   data required time
---------------------------------------------------------------------------------------------
                                             15.081007   data required time
                                             -8.552637   data arrival time
---------------------------------------------------------------------------------------------
                                              6.528370   slack (MET)




===========================================================================
report_checks --slack_max -0.01
============================================================================
======================= max_ss_100C_1v60 Corner ===================================

No paths found.


===========================================================================
 report_check_types -max_slew -max_cap -max_fanout -violators
============================================================================
======================= max_ss_100C_1v60 Corner ===================================

max fanout

Pin                                   Limit Fanout  Slack
---------------------------------------------------------
clkbuf_1_0__f_clk/X                       4     13     -9 (VIOLATED)
clkbuf_1_1__f_clk/X                       4     13     -9 (VIOLATED)



===========================================================================
report_parasitic_annotation -report_unannotated
============================================================================
Found 1 unannotated drivers.
 clkload0/X
Found 0 partially unannotated drivers.

===========================================================================
max slew violation count 0
max fanout violation count 2
max cap violation count 0
============================================================================

===========================================================================
check_setup -verbose -unconstrained_endpoints -multiple_clock -no_clock -no_input_delay -loops -generated_clocks
===========================================================================
