Clock: clk
Sources: clk 
Generated: no
Virtual: no
Propagated: no
Period: 10.000000

===========================================================================
report_clock_properties
============================================================================
Clock                   Period          Waveform
----------------------------------------------------
clk                  10.000000    0.000000  5.000000

===========================================================================
report_clock_latency
============================================================================
Clock clk
rise -> rise
    min     max
0.000000 0.000000 source latency
0.010095         network latency _8_/CLK
        0.010095 network latency _8_/CLK
---------------
0.010095 0.010095 latency
        0.000000 skew

fall -> fall
    min     max
0.000000 0.000000 source latency
0.002955         network latency _8_/CLK
        0.002955 network latency _8_/CLK
---------------
0.002955 0.002955 latency
        0.000000 skew



===========================================================================
report_clock_min_period
============================================================================
clk period_min = 0.80 fmax = 1248.27
