
===========================================================================
 report_power
============================================================================
======================= nom_ff_n40C_1v95 Corner ===================================

Group                    Internal    Switching      Leakage        Total
                            Power        Power        Power        Power (Watts)
------------------------------------------------------------------------
Sequential           1.563121e-05 1.808811e-05 3.688573e-11 3.371936e-05  59.3%
Combinational        9.077023e-06 1.406957e-05 4.806815e-11 2.314664e-05  40.7%
Clock                0.000000e+00 0.000000e+00 0.000000e+00 0.000000e+00   0.0%
Macro                0.000000e+00 0.000000e+00 0.000000e+00 0.000000e+00   0.0%
Pad                  0.000000e+00 0.000000e+00 0.000000e+00 0.000000e+00   0.0%
------------------------------------------------------------------------
Total                2.470823e-05 3.215769e-05 8.495388e-11 5.686600e-05 100.0%
                            43.4%        56.5%         0.0%

