
===========================================================================
report_checks -path_delay max (Setup)
============================================================================
======================= nom_tt_025C_1v80 Corner ===================================

Startpoint: _8_ (rising edge-triggered flip-flop clocked by clk)
Endpoint: busy (output port clocked by clk)
Path Group: clk
Path Type: max

Fanout         Cap        Slew       Delay        Time   Description
---------------------------------------------------------------------------------------------
                                  0.000000    0.000000   clock clk (rise edge)
                                  0.000000    0.000000   clock source latency
     1    0.009880    0.050873    0.033608    0.033608 ^ clk (in)
                                                         clk (net)
                      0.050873    0.000000    0.033608 ^ clkbuf_0_clk/A (sky130_fd_sc_hd__clkbuf_16)
     2    0.017276    0.039525    0.125005    0.158613 ^ clkbuf_0_clk/X (sky130_fd_sc_hd__clkbuf_16)
                                                         clknet_0_clk (net)
                      0.039525    0.000032    0.158645 ^ clkbuf_1_0__f_clk/A (sky130_fd_sc_hd__clkbuf_16)
     1    0.002163    0.026080    0.105142    0.263787 ^ clkbuf_1_0__f_clk/X (sky130_fd_sc_hd__clkbuf_16)
                                                         clknet_1_0__leaf_clk (net)
                      0.026080    0.000004    0.263791 ^ _8_/CLK (sky130_fd_sc_hd__dfrtp_1)
     5    0.011861    0.078871    0.392309    0.656100 v _8_/Q (sky130_fd_sc_hd__dfrtp_1)
                                                         net5 (net)
                      0.078871    0.000051    0.656151 v _3_/A (sky130_fd_sc_hd__or2_1)
     1    0.002322    0.046370    0.228700    0.884851 v _3_/X (sky130_fd_sc_hd__or2_1)
                                                         net3 (net)
                      0.046370    0.000007    0.884857 v output3/A (sky130_fd_sc_hd__buf_2)
     1    0.034424    0.089636    0.181337    1.066195 v output3/X (sky130_fd_sc_hd__buf_2)
                                                         busy (net)
                      0.089636    0.000216    1.066411 v busy (out)
                                              1.066411   data arrival time

                                 10.000000   10.000000   clock clk (rise edge)
                                  0.000000   10.000000   clock network delay (propagated)
                                 -0.250000    9.750000   clock uncertainty
                                  0.000000    9.750000   clock reconvergence pessimism
                                 -2.000000    7.750000   output external delay
                                              7.750000   data required time
---------------------------------------------------------------------------------------------
                                              7.750000   data required time
                                             -1.066411   data arrival time
---------------------------------------------------------------------------------------------
                                              6.683589   slack (MET)


Startpoint: _9_ (rising edge-triggered flip-flop clocked by clk)
Endpoint: done (output port clocked by clk)
Path Group: clk
Path Type: max

Fanout         Cap        Slew       Delay        Time   Description
---------------------------------------------------------------------------------------------
                                  0.000000    0.000000   clock clk (rise edge)
                                  0.000000    0.000000   clock source latency
     1    0.009880    0.050873    0.033608    0.033608 ^ clk (in)
                                                         clk (net)
                      0.050873    0.000000    0.033608 ^ clkbuf_0_clk/A (sky130_fd_sc_hd__clkbuf_16)
     2    0.017276    0.039525    0.125005    0.158613 ^ clkbuf_0_clk/X (sky130_fd_sc_hd__clkbuf_16)
                                                         clknet_0_clk (net)
                      0.039525    0.000023    0.158636 ^ clkbuf_1_1__f_clk/A (sky130_fd_sc_hd__clkbuf_16)
     1    0.002203    0.026119    0.105190    0.263826 ^ clkbuf_1_1__f_clk/X (sky130_fd_sc_hd__clkbuf_16)
                                                         clknet_1_1__leaf_clk (net)
                      0.026119    0.000004    0.263830 ^ _9_/CLK (sky130_fd_sc_hd__dfrtp_1)
     5    0.014055    0.088424    0.401197    0.665027 v _9_/Q (sky130_fd_sc_hd__dfrtp_1)
                                                         net6 (net)
                      0.088424    0.000097    0.665125 v _4_/B (sky130_fd_sc_hd__and2_1)
     1    0.002242    0.033580    0.166517    0.831642 v _4_/X (sky130_fd_sc_hd__and2_1)
                                                         net4 (net)
                      0.033580    0.000006    0.831648 v output4/A (sky130_fd_sc_hd__buf_2)
     1    0.034424    0.089728    0.175828    1.007475 v output4/X (sky130_fd_sc_hd__buf_2)
                                                         done (net)
                      0.089728    0.000216    1.007691 v done (out)
                                              1.007691   data arrival time

                                 10.000000   10.000000   clock clk (rise edge)
                                  0.000000   10.000000   clock network delay (propagated)
                                 -0.250000    9.750000   clock uncertainty
                                  0.000000    9.750000   clock reconvergence pessimism
                                 -2.000000    7.750000   output external delay
                                              7.750000   data required time
---------------------------------------------------------------------------------------------
                                              7.750000   data required time
                                             -1.007691   data arrival time
---------------------------------------------------------------------------------------------
                                              6.742309   slack (MET)


Startpoint: _9_ (rising edge-triggered flip-flop clocked by clk)
Endpoint: state_out[1] (output port clocked by clk)
Path Group: clk
Path Type: max

Fanout         Cap        Slew       Delay        Time   Description
---------------------------------------------------------------------------------------------
                                  0.000000    0.000000   clock clk (rise edge)
                                  0.000000    0.000000   clock source latency
     1    0.009880    0.050873    0.033608    0.033608 ^ clk (in)
                                                         clk (net)
                      0.050873    0.000000    0.033608 ^ clkbuf_0_clk/A (sky130_fd_sc_hd__clkbuf_16)
     2    0.017276    0.039525    0.125005    0.158613 ^ clkbuf_0_clk/X (sky130_fd_sc_hd__clkbuf_16)
                                                         clknet_0_clk (net)
                      0.039525    0.000023    0.158636 ^ clkbuf_1_1__f_clk/A (sky130_fd_sc_hd__clkbuf_16)
     1    0.002203    0.026119    0.105190    0.263826 ^ clkbuf_1_1__f_clk/X (sky130_fd_sc_hd__clkbuf_16)
                                                         clknet_1_1__leaf_clk (net)
                      0.026119    0.000004    0.263830 ^ _9_/CLK (sky130_fd_sc_hd__dfrtp_1)
     5    0.015073    0.141802    0.386877    0.650707 ^ _9_/Q (sky130_fd_sc_hd__dfrtp_1)
                                                         net6 (net)
                      0.141802    0.000007    0.650715 ^ output6/A (sky130_fd_sc_hd__buf_2)
     1    0.034069    0.169578    0.231595    0.882310 ^ output6/X (sky130_fd_sc_hd__buf_2)
                                                         state_out[1] (net)
                      0.169578    0.000099    0.882409 ^ state_out[1] (out)
                                              0.882409   data arrival time

                                 10.000000   10.000000   clock clk (rise edge)
                                  0.000000   10.000000   clock network delay (propagated)
                                 -0.250000    9.750000   clock uncertainty
                                  0.000000    9.750000   clock reconvergence pessimism
                                 -2.000000    7.750000   output external delay
                                              7.750000   data required time
---------------------------------------------------------------------------------------------
                                              7.750000   data required time
                                             -0.882409   data arrival time
---------------------------------------------------------------------------------------------
                                              6.867591   slack (MET)


Startpoint: _8_ (rising edge-triggered flip-flop clocked by clk)
Endpoint: state_out[0] (output port clocked by clk)
Path Group: clk
Path Type: max

Fanout         Cap        Slew       Delay        Time   Description
---------------------------------------------------------------------------------------------
                                  0.000000    0.000000   clock clk (rise edge)
                                  0.000000    0.000000   clock source latency
     1    0.009880    0.050873    0.033608    0.033608 ^ clk (in)
                                                         clk (net)
                      0.050873    0.000000    0.033608 ^ clkbuf_0_clk/A (sky130_fd_sc_hd__clkbuf_16)
     2    0.017276    0.039525    0.125005    0.158613 ^ clkbuf_0_clk/X (sky130_fd_sc_hd__clkbuf_16)
                                                         clknet_0_clk (net)
                      0.039525    0.000032    0.158645 ^ clkbuf_1_0__f_clk/A (sky130_fd_sc_hd__clkbuf_16)
     1    0.002163    0.026080    0.105142    0.263787 ^ clkbuf_1_0__f_clk/X (sky130_fd_sc_hd__clkbuf_16)
                                                         clknet_1_0__leaf_clk (net)
                      0.026080    0.000004    0.263791 ^ _8_/CLK (sky130_fd_sc_hd__dfrtp_1)
     5    0.012645    0.121851    0.372151    0.635942 ^ _8_/Q (sky130_fd_sc_hd__dfrtp_1)
                                                         net5 (net)
                      0.121851    0.000070    0.636012 ^ output5/A (sky130_fd_sc_hd__buf_2)
     1    0.033953    0.171607    0.225826    0.861838 ^ output5/X (sky130_fd_sc_hd__buf_2)
                                                         state_out[0] (net)
                      0.171607    0.000074    0.861912 ^ state_out[0] (out)
                                              0.861912   data arrival time

                                 10.000000   10.000000   clock clk (rise edge)
                                  0.000000   10.000000   clock network delay (propagated)
                                 -0.250000    9.750000   clock uncertainty
                                  0.000000    9.750000   clock reconvergence pessimism
                                 -2.000000    7.750000   output external delay
                                              7.750000   data required time
---------------------------------------------------------------------------------------------
                                              7.750000   data required time
                                             -0.861912   data arrival time
---------------------------------------------------------------------------------------------
                                              6.888088   slack (MET)


Startpoint: start (input port clocked by clk)
Endpoint: _8_ (rising edge-triggered flip-flop clocked by clk)
Path Group: clk
Path Type: max

Fanout         Cap        Slew       Delay        Time   Description
---------------------------------------------------------------------------------------------
                                  0.000000    0.000000   clock clk (rise edge)
                                  0.000000    0.000000   clock network delay (propagated)
                                  2.000000    2.000000 v input external delay
     1    0.002571    0.008103    0.004026    2.004026 v start (in)
                                                         start (net)
                      0.008103    0.000000    2.004026 v input2/A (sky130_fd_sc_hd__clkbuf_1)
     1    0.003108    0.028049    0.073713    2.077739 v input2/X (sky130_fd_sc_hd__clkbuf_1)
                                                         net2 (net)
                      0.028049    0.000012    2.077752 v _5_/A2 (sky130_fd_sc_hd__o21ba_1)
     1    0.002469    0.034829    0.154085    2.231837 v _5_/X (sky130_fd_sc_hd__o21ba_1)
                                                         next_state[0] (net)
                      0.034829    0.000007    2.231844 v _8_/D (sky130_fd_sc_hd__dfrtp_1)
                                              2.231844   data arrival time

                                 10.000000   10.000000   clock clk (rise edge)
                                  0.000000   10.000000   clock source latency
     1    0.009880    0.050873    0.033608   10.033608 ^ clk (in)
                                                         clk (net)
                      0.050873    0.000000   10.033608 ^ clkbuf_0_clk/A (sky130_fd_sc_hd__clkbuf_16)
     2    0.017276    0.039525    0.125005   10.158613 ^ clkbuf_0_clk/X (sky130_fd_sc_hd__clkbuf_16)
                                                         clknet_0_clk (net)
                      0.039525    0.000032   10.158645 ^ clkbuf_1_0__f_clk/A (sky130_fd_sc_hd__clkbuf_16)
     1    0.002163    0.026080    0.105143   10.263787 ^ clkbuf_1_0__f_clk/X (sky130_fd_sc_hd__clkbuf_16)
                                                         clknet_1_0__leaf_clk (net)
                      0.026080    0.000004   10.263791 ^ _8_/CLK (sky130_fd_sc_hd__dfrtp_1)
                                 -0.250000   10.013791   clock uncertainty
                                  0.000000   10.013791   clock reconvergence pessimism
                                 -0.114160    9.899631   library setup time
                                              9.899631   data required time
---------------------------------------------------------------------------------------------
                                              9.899631   data required time
                                             -2.231844   data arrival time
---------------------------------------------------------------------------------------------
                                              7.667787   slack (MET)


Startpoint: rst (input port clocked by clk)
Endpoint: _8_ (recovery check against rising-edge clock clk)
Path Group: asynchronous
Path Type: max

Fanout         Cap        Slew       Delay        Time   Description
---------------------------------------------------------------------------------------------
                                  0.000000    0.000000   clock clk (rise edge)
                                  0.000000    0.000000   clock network delay (propagated)
                                  2.000000    2.000000 v input external delay
     1    0.002581    0.008126    0.004043    2.004043 v rst (in)
                                                         rst (net)
                      0.008126    0.000000    2.004043 v input1/A (sky130_fd_sc_hd__buf_1)
     2    0.010569    0.067569    0.107173    2.111216 v input1/X (sky130_fd_sc_hd__buf_1)
                                                         net1 (net)
                      0.067569    0.000058    2.111274 v _2_/A (sky130_fd_sc_hd__inv_2)
     1    0.004034    0.031949    0.053325    2.164599 ^ _2_/Y (sky130_fd_sc_hd__inv_2)
                                                         _0_ (net)
                      0.031949    0.000007    2.164606 ^ _8_/RESET_B (sky130_fd_sc_hd__dfrtp_1)
                                              2.164606   data arrival time

                                 10.000000   10.000000   clock clk (rise edge)
                                  0.000000   10.000000   clock source latency
     1    0.009880    0.050873    0.033608   10.033608 ^ clk (in)
                                                         clk (net)
                      0.050873    0.000000   10.033608 ^ clkbuf_0_clk/A (sky130_fd_sc_hd__clkbuf_16)
     2    0.017276    0.039525    0.125005   10.158613 ^ clkbuf_0_clk/X (sky130_fd_sc_hd__clkbuf_16)
                                                         clknet_0_clk (net)
                      0.039525    0.000032   10.158645 ^ clkbuf_1_0__f_clk/A (sky130_fd_sc_hd__clkbuf_16)
     1    0.002163    0.026080    0.105143   10.263787 ^ clkbuf_1_0__f_clk/X (sky130_fd_sc_hd__clkbuf_16)
                                                         clknet_1_0__leaf_clk (net)
                      0.026080    0.000004   10.263791 ^ _8_/CLK (sky130_fd_sc_hd__dfrtp_1)
                                 -0.250000   10.013791   clock uncertainty
                                  0.000000   10.013791   clock reconvergence pessimism
                                  0.227920   10.241712   library recovery time
                                             10.241712   data required time
---------------------------------------------------------------------------------------------
                                             10.241712   data required time
                                             -2.164606   data arrival time
---------------------------------------------------------------------------------------------
                                              8.077106   slack (MET)


Startpoint: rst (input port clocked by clk)
Endpoint: _9_ (recovery check against rising-edge clock clk)
Path Group: asynchronous
Path Type: max

Fanout         Cap        Slew       Delay        Time   Description
---------------------------------------------------------------------------------------------
                                  0.000000    0.000000   clock clk (rise edge)
                                  0.000000    0.000000   clock network delay (propagated)
                                  2.000000    2.000000 v input external delay
     1    0.002581    0.008126    0.004043    2.004043 v rst (in)
                                                         rst (net)
                      0.008126    0.000000    2.004043 v input1/A (sky130_fd_sc_hd__buf_1)
     2    0.010569    0.067569    0.107173    2.111216 v input1/X (sky130_fd_sc_hd__buf_1)
                                                         net1 (net)
                      0.067569    0.000027    2.111243 v _7_/A (sky130_fd_sc_hd__inv_2)
     1    0.003905    0.031517    0.052792    2.164034 ^ _7_/Y (sky130_fd_sc_hd__inv_2)
                                                         _1_ (net)
                      0.031517    0.000007    2.164041 ^ _9_/RESET_B (sky130_fd_sc_hd__dfrtp_1)
                                              2.164041   data arrival time

                                 10.000000   10.000000   clock clk (rise edge)
                                  0.000000   10.000000   clock source latency
     1    0.009880    0.050873    0.033608   10.033608 ^ clk (in)
                                                         clk (net)
                      0.050873    0.000000   10.033608 ^ clkbuf_0_clk/A (sky130_fd_sc_hd__clkbuf_16)
     2    0.017276    0.039525    0.125005   10.158613 ^ clkbuf_0_clk/X (sky130_fd_sc_hd__clkbuf_16)
                                                         clknet_0_clk (net)
                      0.039525    0.000023   10.158636 ^ clkbuf_1_1__f_clk/A (sky130_fd_sc_hd__clkbuf_16)
     1    0.002203    0.026119    0.105191   10.263826 ^ clkbuf_1_1__f_clk/X (sky130_fd_sc_hd__clkbuf_16)
                                                         clknet_1_1__leaf_clk (net)
                      0.026119    0.000004   10.263830 ^ _9_/CLK (sky130_fd_sc_hd__dfrtp_1)
                                 -0.250000   10.013830   clock uncertainty
                                  0.000000   10.013830   clock reconvergence pessimism
                                  0.228045   10.241876   library recovery time
                                             10.241876   data required time
---------------------------------------------------------------------------------------------
                                             10.241876   data required time
                                             -2.164041   data arrival time
---------------------------------------------------------------------------------------------
                                              8.077834   slack (MET)


Startpoint: _8_ (rising edge-triggered flip-flop clocked by clk)
Endpoint: _9_ (rising edge-triggered flip-flop clocked by clk)
Path Group: clk
Path Type: max

Fanout         Cap        Slew       Delay        Time   Description
---------------------------------------------------------------------------------------------
                                  0.000000    0.000000   clock clk (rise edge)
                                  0.000000    0.000000   clock source latency
     1    0.009880    0.050873    0.033608    0.033608 ^ clk (in)
                                                         clk (net)
                      0.050873    0.000000    0.033608 ^ clkbuf_0_clk/A (sky130_fd_sc_hd__clkbuf_16)
     2    0.017276    0.039525    0.125005    0.158613 ^ clkbuf_0_clk/X (sky130_fd_sc_hd__clkbuf_16)
                                                         clknet_0_clk (net)
                      0.039525    0.000032    0.158645 ^ clkbuf_1_0__f_clk/A (sky130_fd_sc_hd__clkbuf_16)
     1    0.002163    0.026080    0.105142    0.263787 ^ clkbuf_1_0__f_clk/X (sky130_fd_sc_hd__clkbuf_16)
                                                         clknet_1_0__leaf_clk (net)
                      0.026080    0.000004    0.263791 ^ _8_/CLK (sky130_fd_sc_hd__dfrtp_1)
     5    0.011861    0.078871    0.392309    0.656100 v _8_/Q (sky130_fd_sc_hd__dfrtp_1)
                                                         net5 (net)
                      0.078871    0.000050    0.656149 v _6_/A (sky130_fd_sc_hd__xor2_1)
     1    0.004040    0.061982    0.172977    0.829126 v _6_/X (sky130_fd_sc_hd__xor2_1)
                                                         next_state[1] (net)
                      0.061982    0.000031    0.829157 v _9_/D (sky130_fd_sc_hd__dfrtp_1)
                                              0.829157   data arrival time

                                 10.000000   10.000000   clock clk (rise edge)
                                  0.000000   10.000000   clock source latency
     1    0.009880    0.050873    0.033608   10.033608 ^ clk (in)
                                                         clk (net)
                      0.050873    0.000000   10.033608 ^ clkbuf_0_clk/A (sky130_fd_sc_hd__clkbuf_16)
     2    0.017276    0.039525    0.125005   10.158613 ^ clkbuf_0_clk/X (sky130_fd_sc_hd__clkbuf_16)
                                                         clknet_0_clk (net)
                      0.039525    0.000023   10.158636 ^ clkbuf_1_1__f_clk/A (sky130_fd_sc_hd__clkbuf_16)
     1    0.002203    0.026119    0.105191   10.263826 ^ clkbuf_1_1__f_clk/X (sky130_fd_sc_hd__clkbuf_16)
                                                         clknet_1_1__leaf_clk (net)
                      0.026119    0.000004   10.263830 ^ _9_/CLK (sky130_fd_sc_hd__dfrtp_1)
                                 -0.250000   10.013830   clock uncertainty
                                  0.000000   10.013830   clock reconvergence pessimism
                                 -0.126011    9.887819   library setup time
                                              9.887819   data required time
---------------------------------------------------------------------------------------------
                                              9.887819   data required time
                                             -0.829157   data arrival time
---------------------------------------------------------------------------------------------
                                              9.058661   slack (MET)



