
===========================================================================
 report_power
============================================================================
======================= nom_ff_n40C_1v95 Corner ===================================

Group                    Internal    Switching      Leakage        Total
                            Power        Power        Power        Power (Watts)
------------------------------------------------------------------------
Sequential           1.912930e-05 0.000000e+00 8.133741e-11 1.912938e-05  97.7%
Combinational        1.720045e-07 2.750729e-07 6.350623e-11 4.471408e-07   2.3%
Clock                0.000000e+00 0.000000e+00 0.000000e+00 0.000000e+00   0.0%
Macro                0.000000e+00 0.000000e+00 0.000000e+00 0.000000e+00   0.0%
Pad                  0.000000e+00 0.000000e+00 0.000000e+00 0.000000e+00   0.0%
------------------------------------------------------------------------
Total                1.930130e-05 2.750729e-07 1.448436e-10 1.957652e-05 100.0%
                            98.6%         1.4%         0.0%

