
===========================================================================
report_checks -unconstrained
===========================================================================
======================= nom_ff_n40C_1v95 Corner ===================================

Startpoint: instruction[6] (input port clocked by clk)
Endpoint: _284_ (rising edge-triggered flip-flop clocked by clk)
Path Group: clk
Path Type: max

Fanout         Cap        Slew       Delay        Time   Description
---------------------------------------------------------------------------------------------
                                  0.000000    0.000000   clock clk (rise edge)
                                  0.000000    0.000000   clock network delay (propagated)
                                  3.000000    3.000000 ^ input external delay
     2    0.003723    0.017234    0.009656    3.009656 ^ instruction[6] (in)
                                                         instruction[6] (net)
                      0.017234    0.000000    3.009656 ^ input7/A (sky130_fd_sc_hd__clkbuf_1)
     2    0.010635    0.098003    0.094439    3.104095 ^ input7/X (sky130_fd_sc_hd__clkbuf_1)
                                                         net7 (net)
                      0.098006    0.000437    3.104532 ^ fanout60/A (sky130_fd_sc_hd__buf_1)
     4    0.013376    0.121440    0.121438    3.225970 ^ fanout60/X (sky130_fd_sc_hd__buf_1)
                                                         net60 (net)
                      0.121443    0.000451    3.226421 ^ fanout59/A (sky130_fd_sc_hd__buf_1)
     4    0.011345    0.104157    0.111227    3.337648 ^ fanout59/X (sky130_fd_sc_hd__buf_1)
                                                         net59 (net)
                      0.104158    0.000258    3.337907 ^ _137_/B (sky130_fd_sc_hd__nand3b_1)
     2    0.006560    0.056422    0.065802    3.403709 v _137_/Y (sky130_fd_sc_hd__nand3b_1)
                                                         _041_ (net)
                      0.056442    0.000192    3.403900 v fanout53/A (sky130_fd_sc_hd__buf_1)
     4    0.013319    0.056392    0.098998    3.502899 v fanout53/X (sky130_fd_sc_hd__buf_1)
                                                         net53 (net)
                      0.056394    0.000413    3.503312 v _138_/C (sky130_fd_sc_hd__and3_1)
     2    0.005721    0.035842    0.130781    3.634093 v _138_/X (sky130_fd_sc_hd__and3_1)
                                                         _042_ (net)
                      0.035842    0.000132    3.634225 v _141_/B (sky130_fd_sc_hd__or3_1)
     2    0.004962    0.051376    0.206674    3.840899 v _141_/X (sky130_fd_sc_hd__or3_1)
                                                         _045_ (net)
                      0.051376    0.000091    3.840990 v _148_/A1 (sky130_fd_sc_hd__a21o_1)
     3    0.010403    0.045858    0.126253    3.967243 v _148_/X (sky130_fd_sc_hd__a21o_1)
                                                         _051_ (net)
                      0.045861    0.000414    3.967658 v _173_/A1 (sky130_fd_sc_hd__a31o_1)
     3    0.011562    0.052921    0.141148    4.108805 v _173_/X (sky130_fd_sc_hd__a31o_1)
                                                         _074_ (net)
                      0.052922    0.000355    4.109161 v _190_/A2 (sky130_fd_sc_hd__a31o_1)
     3    0.013428    0.058226    0.170792    4.279953 v _190_/X (sky130_fd_sc_hd__a31o_1)
                                                         _089_ (net)
                      0.058230    0.000536    4.280488 v _199_/A2 (sky130_fd_sc_hd__a211o_1)
     1    0.002979    0.033942    0.186222    4.466711 v _199_/X (sky130_fd_sc_hd__a211o_1)
                                                         _097_ (net)
                      0.033942    0.000064    4.466774 v _200_/B1 (sky130_fd_sc_hd__o311a_1)
     1    0.003488    0.041399    0.077083    4.543857 v _200_/X (sky130_fd_sc_hd__o311a_1)
                                                         _098_ (net)
                      0.041399    0.000103    4.543960 v _201_/A2 (sky130_fd_sc_hd__o21a_1)
     1    0.002453    0.023829    0.103658    4.647618 v _201_/X (sky130_fd_sc_hd__o21a_1)
                                                         _024_ (net)
                      0.023829    0.000071    4.647689 v _284_/D (sky130_fd_sc_hd__dfxtp_1)
                                              4.647689   data arrival time

                                 15.000000   15.000000   clock clk (rise edge)
                                  0.000000   15.000000   clock source latency
     2    0.016480    0.060038    0.040790   15.040791 ^ clk (in)
                                                         clk (net)
                      0.060044    0.000000   15.040791 ^ clkbuf_0_clk/A (sky130_fd_sc_hd__clkbuf_16)
     2    0.018760    0.030540    0.091831   15.132621 ^ clkbuf_0_clk/X (sky130_fd_sc_hd__clkbuf_16)
                                                         clknet_0_clk (net)
                      0.030541    0.000346   15.132967 ^ clkbuf_1_0__f_clk/A (sky130_fd_sc_hd__clkbuf_16)
    13    0.042893    0.047063    0.098188   15.231155 ^ clkbuf_1_0__f_clk/X (sky130_fd_sc_hd__clkbuf_16)
                                                         clknet_1_0__leaf_clk (net)
                      0.047128    0.001476   15.232632 ^ _284_/CLK (sky130_fd_sc_hd__dfxtp_1)
                                 -0.250000   14.982633   clock uncertainty
                                  0.000000   14.982633   clock reconvergence pessimism
                                 -0.065631   14.917002   library setup time
                                             14.917002   data required time
---------------------------------------------------------------------------------------------
                                             14.917002   data required time
                                             -4.647689   data arrival time
---------------------------------------------------------------------------------------------
                                             10.269313   slack (MET)




===========================================================================
report_checks --slack_max -0.01
============================================================================
======================= nom_ff_n40C_1v95 Corner ===================================

No paths found.


===========================================================================
 report_check_types -max_slew -max_cap -max_fanout -violators
============================================================================
======================= nom_ff_n40C_1v95 Corner ===================================

max fanout

Pin                                   Limit Fanout  Slack
---------------------------------------------------------
clkbuf_1_0__f_clk/X                       4     13     -9 (VIOLATED)
clkbuf_1_1__f_clk/X                       4     13     -9 (VIOLATED)



===========================================================================
report_parasitic_annotation -report_unannotated
============================================================================
Found 1 unannotated drivers.
 clkload0/X
Found 0 partially unannotated drivers.

===========================================================================
max slew violation count 0
max fanout violation count 2
max cap violation count 0
============================================================================

===========================================================================
check_setup -verbose -unconstrained_endpoints -multiple_clock -no_clock -no_input_delay -loops -generated_clocks
===========================================================================
