
===========================================================================
report_checks -unconstrained
===========================================================================
======================= nom_tt_025C_1v80 Corner ===================================

Startpoint: rst (input port clocked by clk)
Endpoint: _22_ (recovery check against rising-edge clock clk)
Path Group: asynchronous
Path Type: max

Fanout         Cap        Slew       Delay        Time   Description
---------------------------------------------------------------------------------------------
                                  0.000000    0.000000   clock clk (rise edge)
                                  0.000000    0.000000   clock network delay (propagated)
                                  2.000000    2.000000 v input external delay
     1    0.003114    0.009361    0.004944    2.004944 v rst (in)
                                                         rst (net)
                      0.009361    0.000000    2.004944 v input1/A (sky130_fd_sc_hd__clkbuf_2)
     4    0.018972    0.078144    0.131406    2.136350 v input1/X (sky130_fd_sc_hd__clkbuf_2)
                                                         net1 (net)
                      0.078144    0.000098    2.136448 v _18_/A (sky130_fd_sc_hd__inv_2)
     1    0.004053    0.034323    0.057220    2.193668 ^ _18_/Y (sky130_fd_sc_hd__inv_2)
                                                         _06_ (net)
                      0.034323    0.000008    2.193676 ^ _22_/RESET_B (sky130_fd_sc_hd__dfrtp_1)
                                              2.193676   data arrival time

                                 10.000000   10.000000   clock clk (rise edge)
                                  0.000000   10.000000   clock source latency
     1    0.009376    0.048629    0.031974   10.031974 ^ clk (in)
                                                         clk (net)
                      0.048629    0.000000   10.031974 ^ clkbuf_0_clk/A (sky130_fd_sc_hd__clkbuf_16)
     2    0.016602    0.038944    0.123547   10.155521 ^ clkbuf_0_clk/X (sky130_fd_sc_hd__clkbuf_16)
                                                         clknet_0_clk (net)
                      0.038944    0.000020   10.155541 ^ clkbuf_1_0__f_clk/A (sky130_fd_sc_hd__clkbuf_16)
     2    0.004650    0.028446    0.107915   10.263457 ^ clkbuf_1_0__f_clk/X (sky130_fd_sc_hd__clkbuf_16)
                                                         clknet_1_0__leaf_clk (net)
                      0.028446    0.000007   10.263464 ^ _22_/CLK (sky130_fd_sc_hd__dfrtp_1)
                                 -0.250000   10.013464   clock uncertainty
                                  0.000000   10.013464   clock reconvergence pessimism
                                  0.228028   10.241492   library recovery time
                                             10.241492   data required time
---------------------------------------------------------------------------------------------
                                             10.241492   data required time
                                             -2.193676   data arrival time
---------------------------------------------------------------------------------------------
                                              8.047816   slack (MET)


Startpoint: _20_ (rising edge-triggered flip-flop clocked by clk)
Endpoint: out[0] (output port clocked by clk)
Path Group: clk
Path Type: max

Fanout         Cap        Slew       Delay        Time   Description
---------------------------------------------------------------------------------------------
                                  0.000000    0.000000   clock clk (rise edge)
                                  0.000000    0.000000   clock source latency
     1    0.009376    0.048629    0.031974    0.031974 ^ clk (in)
                                                         clk (net)
                      0.048629    0.000000    0.031974 ^ clkbuf_0_clk/A (sky130_fd_sc_hd__clkbuf_16)
     2    0.016602    0.038944    0.123547    0.155521 ^ clkbuf_0_clk/X (sky130_fd_sc_hd__clkbuf_16)
                                                         clknet_0_clk (net)
                      0.038944    0.000021    0.155542 ^ clkbuf_1_0__f_clk/A (sky130_fd_sc_hd__clkbuf_16)
     2    0.004650    0.028446    0.107915    0.263457 ^ clkbuf_1_0__f_clk/X (sky130_fd_sc_hd__clkbuf_16)
                                                         clknet_1_0__leaf_clk (net)
                      0.028446    0.000011    0.263468 ^ _20_/CLK (sky130_fd_sc_hd__dfrtp_1)
     5    0.017095    0.161458    0.400067    0.663535 ^ _20_/Q (sky130_fd_sc_hd__dfrtp_1)
                                                         net2 (net)
                      0.161458    0.000029    0.663564 ^ output2/A (sky130_fd_sc_hd__buf_2)
     1    0.034058    0.169554    0.236876    0.900440 ^ output2/X (sky130_fd_sc_hd__buf_2)
                                                         out[0] (net)
                      0.169554    0.000099    0.900539 ^ out[0] (out)
                                              0.900539   data arrival time

                                 10.000000   10.000000   clock clk (rise edge)
                                  0.000000   10.000000   clock network delay (propagated)
                                 -0.250000    9.750000   clock uncertainty
                                  0.000000    9.750000   clock reconvergence pessimism
                                 -2.000000    7.750000   output external delay
                                              7.750000   data required time
---------------------------------------------------------------------------------------------
                                              7.750000   data required time
                                             -0.900539   data arrival time
---------------------------------------------------------------------------------------------
                                              6.849461   slack (MET)




===========================================================================
report_checks --slack_max -0.01
============================================================================
======================= nom_tt_025C_1v80 Corner ===================================

No paths found.


===========================================================================
 report_check_types -max_slew -max_cap -max_fanout -violators
============================================================================
======================= nom_tt_025C_1v80 Corner ===================================



===========================================================================
report_parasitic_annotation -report_unannotated
============================================================================
Found 0 unannotated drivers.
Found 0 partially unannotated drivers.

===========================================================================
max slew violation count 0
Writing metric design__max_slew_violation__count__corner:nom_tt_025C_1v80: 0
max fanout violation count 0
Writing metric design__max_fanout_violation__count__corner:nom_tt_025C_1v80: 0
max cap violation count 0
Writing metric design__max_cap_violation__count__corner:nom_tt_025C_1v80: 0
============================================================================

===========================================================================
check_setup -verbose -unconstrained_endpoints -multiple_clock -no_clock -no_input_delay -loops -generated_clocks
===========================================================================
