
===========================================================================
 report_power
============================================================================
======================= nom_tt_025C_1v80 Corner ===================================

Group                    Internal    Switching      Leakage        Total
                            Power        Power        Power        Power (Watts)
------------------------------------------------------------------------
Sequential           1.267771e-05 4.438888e-06 2.367528e-11 1.711662e-05  13.7%
Combinational        2.139001e-05 2.742896e-05 5.665015e-11 4.881903e-05  39.2%
Clock                5.059197e-05 8.064741e-06 1.017701e-10 5.865682e-05  47.1%
Macro                0.000000e+00 0.000000e+00 0.000000e+00 0.000000e+00   0.0%
Pad                  0.000000e+00 0.000000e+00 0.000000e+00 0.000000e+00   0.0%
------------------------------------------------------------------------
Total                8.465969e-05 3.993259e-05 1.820955e-10 1.245925e-04 100.0%
                            67.9%        32.1%         0.0%
Writing metric power__internal__total: 8.46596885821782e-5
Writing metric power__switching__total: 3.99325872422196e-5
Writing metric power__leakage__total: 1.8209551921888334e-10
Writing metric power__total: 0.00012459246499929577

