Clock: clk
Sources: clk 
Generated: no
Virtual: no
Propagated: no
Period: 10.000000

===========================================================================
report_clock_properties
============================================================================
Clock                   Period          Waveform
----------------------------------------------------
clk                  10.000000    0.000000  5.000000

===========================================================================
report_clock_latency
============================================================================
Clock clk
rise -> rise
    min     max
0.000000 0.000000 source latency
0.025821         network latency _20_/CLK
        0.025821 network latency _20_/CLK
---------------
0.025821 0.025821 latency
        0.000000 skew

fall -> fall
    min     max
0.000000 0.000000 source latency
0.011117         network latency _20_/CLK
        0.011117 network latency _20_/CLK
---------------
0.011117 0.011117 latency
        0.000000 skew



===========================================================================
report_clock_min_period
============================================================================
clk period_min = 1.28 fmax = 784.15
