
===========================================================================
 report_power
============================================================================
======================= min_tt_025C_1v80 Corner ===================================

Group                    Internal    Switching      Leakage        Total
                            Power        Power        Power        Power (Watts)
------------------------------------------------------------------------
Sequential           1.268126e-05 4.498803e-06 2.367528e-11 1.718008e-05  13.9%
Combinational        2.135304e-05 2.692951e-05 5.665015e-11 4.828261e-05  39.2%
Clock                5.052452e-05 7.291001e-06 1.568509e-10 5.781568e-05  46.9%
Macro                0.000000e+00 0.000000e+00 0.000000e+00 0.000000e+00   0.0%
Pad                  0.000000e+00 0.000000e+00 0.000000e+00 0.000000e+00   0.0%
------------------------------------------------------------------------
Total                8.455881e-05 3.871931e-05 2.371763e-10 1.232784e-04 100.0%
                            68.6%        31.4%         0.0%

