
===========================================================================
 report_power
============================================================================
======================= max_ss_100C_1v60 Corner ===================================

Group                    Internal    Switching      Leakage        Total
                            Power        Power        Power        Power (Watts)
------------------------------------------------------------------------
Sequential           0.000000e+00 0.000000e+00 0.000000e+00 0.000000e+00   0.0%
Combinational        3.393607e-07 5.878766e-07 1.899299e-08 9.462303e-07 100.0%
Clock                -6.112738e-10 0.000000e+00 1.951866e-10 -4.160872e-10  -0.0%
Macro                0.000000e+00 0.000000e+00 0.000000e+00 0.000000e+00   0.0%
Pad                  0.000000e+00 0.000000e+00 0.000000e+00 0.000000e+00   0.0%
------------------------------------------------------------------------
Total                3.387495e-07 5.878766e-07 1.918818e-08 9.458142e-07 100.0%
                            35.8%        62.2%         2.0%

