
===========================================================================
 report_power
============================================================================
======================= nom_tt_025C_1v80 Corner ===================================

Group                    Internal    Switching      Leakage        Total
                            Power        Power        Power        Power (Watts)
------------------------------------------------------------------------
Sequential           1.268099e-05 4.619629e-06 2.367528e-11 1.730064e-05  14.0%
Combinational        2.135844e-05 2.709483e-05 5.665015e-11 4.845332e-05  39.2%
Clock                5.053323e-05 7.407163e-06 1.568509e-10 5.794055e-05  46.8%
Macro                0.000000e+00 0.000000e+00 0.000000e+00 0.000000e+00   0.0%
Pad                  0.000000e+00 0.000000e+00 0.000000e+00 0.000000e+00   0.0%
------------------------------------------------------------------------
Total                8.457266e-05 3.912162e-05 2.371763e-10 1.236945e-04 100.0%
                            68.4%        31.6%         0.0%

